$ camply recdotgov campsites --campgrounds 232461 --campsite-types STANDARD NONELECTRIC --campsite-types TENT ONLY NONELECTRIC --parking at-site --date-ranges 2026-09-04:2026-09-07 --nights 2

--- stdout ---
[TIME] CAMPLY   camply, the campsite finder ⛺️
[TIME] INFO     Searching across 1 campgrounds
[TIME] INFO     --parking at-site excluded 3 campsites that need a walk from the car (of 16 searched).
[TIME] INFO     0 New Campsites Found.
[TIME] CAMPLY   Exiting camply 👋

--- stderr ---
