$ camply recdotgov campsites --campgrounds 10300216 --date-ranges 2026-09-04:2026-09-07 --nights 2

--- stdout ---
[TIME] CAMPLY   camply, the campsite finder ⛺️
[TIME] INFO     Searching across 1 campgrounds
[TIME] INFO     3 of the 15 campsites searched have no vehicle access. --exclude-no-vehicle-access would exclude them; any that reach the results are flagged ⚠️.
[TIME] INFO     Found 1 Campsites
[TIME] INFO     📅 Fri, September 04 🏕  1 sites
[TIME] INFO     	⛰️    🏕  Zephyr Cove RV & Campground: ⛺ 1 sites
[TIME] INFO     		🔗 https://www.recreation.gov/camping/campsites/10300345 (2 nights) ⚠️ HIKE-IN
[TIME] CAMPLY   Exiting camply 👋

--- stderr ---
