### the reported incident: hike-in, no vehicle access
TITLE: ⚠️ HIKE-IN | Lake Tahoe | Zephyr Cove RV & Campground | 2026-09-04
<b>Campsite ID:</b> 10300345
<b>Booking Date:</b> 2026-09-04
<b>Booking End Date:</b> 2026-09-06
<b>Booking Nights:</b> 2
<b>Campsite Site Name:</b> 36
<b>Campsite Loop Name:</b> 4
<b>Campsite Type:</b> TENT ONLY NONELECTRIC
<b>Site Access:</b> ⚠️ HIKE-IN — no vehicle access (Max Vehicles: 0)
<b>Equipment:</b> Tent, Small Tent
<b>Campsite Occupancy:</b> 1-6
<b>Campsite Use Type:</b> Overnight
<b>Availability Status:</b> Available
<b>Recreation Area:</b> Lake Tahoe
<b>Recreation Area Id:</b> 20
<b>Facility Name:</b> Zephyr Cove RV & Campground
<b>Facility Id:</b> 10300216
<b>Booking Link:</b> <a href='https://www.recreation.gov/camping/campsites/10300345'>https://www.recreation.gov/camping/campsites/10300345</a>
### drive-in
TITLE: Lake Tahoe | Zephyr Cove RV & Campground | 2026-09-04
<b>Campsite ID:</b> 10300345
<b>Booking Date:</b> 2026-09-04
<b>Booking End Date:</b> 2026-09-06
<b>Booking Nights:</b> 2
<b>Campsite Site Name:</b> 36
<b>Campsite Loop Name:</b> 4
<b>Campsite Type:</b> TENT ONLY NONELECTRIC
<b>Site Access:</b> Drive-In (Max Vehicles: 2)
<b>Equipment:</b> Tent, RV (max 30ft)
<b>Campsite Occupancy:</b> 1-6
<b>Campsite Use Type:</b> Overnight
<b>Availability Status:</b> Available
<b>Recreation Area:</b> Lake Tahoe
<b>Recreation Area Id:</b> 20
<b>Facility Name:</b> Zephyr Cove RV & Campground
<b>Facility Id:</b> 10300216
<b>Booking Link:</b> <a href='https://www.recreation.gov/camping/campsites/10300345'>https://www.recreation.gov/camping/campsites/10300345</a>
### access unknown
TITLE: ⚠️ UNKNOWN ACCESS | Lake Tahoe | Zephyr Cove RV & Campground | 2026-09-04
<b>Campsite ID:</b> 10300345
<b>Booking Date:</b> 2026-09-04
<b>Booking End Date:</b> 2026-09-06
<b>Booking Nights:</b> 2
<b>Campsite Site Name:</b> 36
<b>Campsite Loop Name:</b> 4
<b>Campsite Type:</b> TENT ONLY NONELECTRIC
<b>Site Access:</b> ⚠️ UNKNOWN — the provider reports no vehicle access data; verify on the booking page before reserving
<b>Equipment:</b> Not reported
<b>Campsite Occupancy:</b> 1-6
<b>Campsite Use Type:</b> Overnight
<b>Availability Status:</b> Available
<b>Recreation Area:</b> Lake Tahoe
<b>Recreation Area Id:</b> 20
<b>Facility Name:</b> Zephyr Cove RV & Campground
<b>Facility Id:</b> 10300216
<b>Booking Link:</b> <a href='https://www.recreation.gov/camping/campsites/10300345'>https://www.recreation.gov/camping/campsites/10300345</a>
### walk-in
TITLE: ⚠️ WALK-IN | Lake Tahoe | Zephyr Cove RV & Campground | 2026-09-04
<b>Campsite ID:</b> 10300345
<b>Booking Date:</b> 2026-09-04
<b>Booking End Date:</b> 2026-09-06
<b>Booking Nights:</b> 2
<b>Campsite Site Name:</b> 36
<b>Campsite Loop Name:</b> 4
<b>Campsite Type:</b> TENT ONLY NONELECTRIC
<b>Site Access:</b> ⚠️ WALK-IN — no vehicle access
<b>Equipment:</b> Not reported
<b>Campsite Occupancy:</b> 1-6
<b>Campsite Use Type:</b> Overnight
<b>Availability Status:</b> Available
<b>Recreation Area:</b> Lake Tahoe
<b>Recreation Area Id:</b> 20
<b>Facility Name:</b> Zephyr Cove RV & Campground
<b>Facility Id:</b> 10300216
<b>Booking Link:</b> <a href='https://www.recreation.gov/camping/campsites/10300345'>https://www.recreation.gov/camping/campsites/10300345</a>
### boat-in
TITLE: ⚠️ BOAT-IN | Lake Tahoe | Zephyr Cove RV & Campground | 2026-09-04
<b>Campsite ID:</b> 10300345
<b>Booking Date:</b> 2026-09-04
<b>Booking End Date:</b> 2026-09-06
<b>Booking Nights:</b> 2
<b>Campsite Site Name:</b> 36
<b>Campsite Loop Name:</b> 4
<b>Campsite Type:</b> TENT ONLY NONELECTRIC
<b>Site Access:</b> ⚠️ BOAT-IN — no vehicle access
<b>Equipment:</b> Not reported
<b>Campsite Occupancy:</b> 1-6
<b>Campsite Use Type:</b> Overnight
<b>Availability Status:</b> Available
<b>Recreation Area:</b> Lake Tahoe
<b>Recreation Area Id:</b> 20
<b>Facility Name:</b> Zephyr Cove RV & Campground
<b>Facility Id:</b> 10300216
<b>Booking Link:</b> <a href='https://www.recreation.gov/camping/campsites/10300345'>https://www.recreation.gov/camping/campsites/10300345</a>
### non-drivable with an unrecognised label
TITLE: ⚠️ FERRY-IN | Lake Tahoe | Zephyr Cove RV & Campground | 2026-09-04
<b>Campsite ID:</b> 10300345
<b>Booking Date:</b> 2026-09-04
<b>Booking End Date:</b> 2026-09-06
<b>Booking Nights:</b> 2
<b>Campsite Site Name:</b> 36
<b>Campsite Loop Name:</b> 4
<b>Campsite Type:</b> TENT ONLY NONELECTRIC
<b>Site Access:</b> ⚠️ FERRY-IN — no vehicle access
<b>Equipment:</b> Not reported
<b>Campsite Occupancy:</b> 1-6
<b>Campsite Use Type:</b> Overnight
<b>Availability Status:</b> Available
<b>Recreation Area:</b> Lake Tahoe
<b>Recreation Area Id:</b> 20
<b>Facility Name:</b> Zephyr Cove RV & Campground
<b>Facility Id:</b> 10300216
<b>Booking Link:</b> <a href='https://www.recreation.gov/camping/campsites/10300345'>https://www.recreation.gov/camping/campsites/10300345</a>
### equipment unverified
TITLE: ⚠️ NO EQUIPMENT DATA | Lake Tahoe | Zephyr Cove RV & Campground | 2026-09-04
<b>Campsite ID:</b> 10300345
<b>Booking Date:</b> 2026-09-04
<b>Booking End Date:</b> 2026-09-06
<b>Booking Nights:</b> 2
<b>Campsite Site Name:</b> 36
<b>Campsite Loop Name:</b> 4
<b>Campsite Type:</b> TENT ONLY NONELECTRIC
<b>Site Access:</b> Drive-In (Max Vehicles: 1)
<b>Equipment:</b> ⚠️ UNKNOWN — the provider reports no equipment data; verify on the booking page before reserving
<b>Campsite Occupancy:</b> 1-6
<b>Campsite Use Type:</b> Overnight
<b>Availability Status:</b> Available
<b>Recreation Area:</b> Lake Tahoe
<b>Recreation Area Id:</b> 20
<b>Facility Name:</b> Zephyr Cove RV & Campground
<b>Facility Id:</b> 10300216
<b>Booking Link:</b> <a href='https://www.recreation.gov/camping/campsites/10300345'>https://www.recreation.gov/camping/campsites/10300345</a>
